// Jest Snapshot v1, https://goo.gl/fbAQLP

exports[`registerTests register page renders correctly 1`] = `
<div
  className="h-100 container-fluid"
>
  <div
    className="h-100 row"
  >
    <div
      className="text-center d-none d-lg-block col-lg-6"
      style={
        Object {
          "background": "url(ligo-livingston-blue.png) no-repeat center",
          "backgroundSize": "cover",
          "minHeight": "100px",
        }
      }
    >
      <h1
        className="login-logo"
        style={
          Object {
            "color": "#F0FAFF",
            "marginTop": "197px",
          }
        }
      >
        <img
          src="GWC-Green192-768x521.png"
          style={
            Object {
              "height": "4rem",
              "marginBottom": "8px",
            }
          }
        />
         GWCloud
      </h1>
    </div>
    <img
      className="d-none d-lg-block"
      src="GWDC_grey_full_571x150.png"
      style={
        Object {
          "height": "3rem",
          "left": "50%",
          "margin": "1rem 0 0 1rem",
          "position": "absolute",
        }
      }
    />
    <img
      className="d-lg-none d-xs-block"
      src="GWDC_grey_full_571x150.png"
      style={
        Object {
          "height": "3rem",
          "margin": "1rem 0 0 1rem",
          "position": "absolute",
        }
      }
    />
    <div
      className="align-self-center col"
      style={
        Object {
          "marginTop": "5rem",
        }
      }
    >
      <div
        className="justify-content-md-center row"
      >
        <div
          className="col-lg-8 col-md-10"
        >
          <h2
            className="mb-2"
          >
            Register
          </h2>
          
          <form
            className=""
          >
            <div
              className="form-group"
            >
              <label
                className="form-label"
                htmlFor="email"
              >
                Email
              </label>
              <input
                className="text-left form-control"
                id="email"
                onChange={[Function]}
                type="email"
                value=""
              />
              <div
                className="invalid-feedback"
              />
            </div>
            <div
              className="row"
            >
              <div
                className="col"
              >
                <div
                  className="form-group"
                >
                  <label
                    className="form-label"
                    htmlFor="firstName"
                  >
                    First Name
                  </label>
                  <input
                    className="text-left form-control"
                    id="firstName"
                    onChange={[Function]}
                    value=""
                  />
                  <div
                    className="invalid-feedback"
                  />
                </div>
              </div>
              <div
                className="col"
              >
                <div
                  className="form-group"
                >
                  <label
                    className="form-label"
                    htmlFor="lastName"
                  >
                    Last Name
                  </label>
                  <input
                    className="text-left form-control"
                    id="lastName"
                    onChange={[Function]}
                    value=""
                  />
                  <div
                    className="invalid-feedback"
                  />
                </div>
              </div>
            </div>
            <div
              className="form-group"
            >
              <label
                className="form-label"
                htmlFor="password"
              >
                Password
              </label>
              <div
                className="input-group"
              >
                <input
                  aria-describedby="passwordHelpBlock"
                  className="text-left form-control"
                  id="password"
                  label="Password"
                  onChange={[Function]}
                  style={
                    Object {
                      "borderRadius": "0.25rem",
                    }
                  }
                  type="password"
                  value=""
                />
                <div
                  className="input-group-append"
                >
                  <a
                    className="p-2"
                    onClick={[Function]}
                  >
                    <svg
                      fill="none"
                      height="1em"
                      stroke="currentColor"
                      strokeWidth="0"
                      style={
                        Object {
                          "color": undefined,
                        }
                      }
                      viewBox="0 0 24 24"
                      width="1em"
                      xmlns="http://www.w3.org/2000/svg"
                    >
                      <path
                        d="M13.875 18.825A10.05 10.05 0 0112 19c-4.478 0-8.268-2.943-9.543-7a9.97 9.97 0 011.563-3.029m5.858.908a3 3 0 114.243 4.243M9.878 9.878l4.242 4.242M9.88 9.88l-3.29-3.29m7.532 7.532l3.29 3.29M3 3l3.59 3.59m0 0A9.953 9.953 0 0112 5c4.478 0 8.268 2.943 9.543 7a10.025 10.025 0 01-4.132 5.411m0 0L21 21"
                        strokeLinecap="round"
                        strokeLinejoin="round"
                        strokeWidth="2"
                      />
                    </svg>
                  </a>
                </div>
              </div>
              <small
                className="form-text text-muted"
                id="passwordHelpBlock"
              >
                At least 8 characters, at least one letter, shouldn't include your name or email, and can't be too common.
              </small>
              <div
                className="invalid-feedback"
              />
            </div>
            <div
              style={
                Object {
                  "display": "flex",
                }
              }
            />
            <button
              className="mb-4 mt-4 btn btn-primary btn-block"
              disabled={false}
              onClick={[Function]}
              type="button"
            >
              Create new account
            </button>
            <small
              className="form-text text-muted"
              style={
                Object {
                  "marginTop": "-1rem",
                }
              }
            >
              This site is protected by reCAPTCHA and the Google
              <a
                href="https://policies.google.com/privacy"
              >
                 Privacy Policy
              </a>
               and
              <a
                href="https://policies.google.com/terms"
              >
                 Terms of Service
              </a>
               apply.
            </small>
          </form>
          <p
            className="pb-4"
          >
            <a
              onClick={[Function]}
            >
              Already have an account?
            </a>
          </p>
        </div>
      </div>
      <div
        className="justify-content-md-center row"
        style={
          Object {
            "margin": "4rem 0 2rem 0",
          }
        }
      >
        <div
          className="col-lg-8 col-md-10"
        >
          <div
            className="align-items-end row"
          >
            <div
              className="col"
            >
              <img
                src="ncris_logo.png"
                style={
                  Object {
                    "maxHeight": "4rem",
                    "maxWidth": "100%",
                  }
                }
              />
            </div>
            <div
              className="text-center col"
            >
              <img
                src="ozgrav-logo-array-tk005-final-invert-textedit.png"
                style={
                  Object {
                    "maxHeight": "4.5rem",
                    "maxWidth": "100%",
                  }
                }
              />
            </div>
            <div
              className="text-right col"
            >
              <img
                src="aal-logo-rp-revised-wwording-800px.png"
                style={
                  Object {
                    "maxHeight": "3rem",
                    "maxWidth": "100%",
                  }
                }
              />
            </div>
          </div>
        </div>
      </div>
    </div>
  </div>
  <div
    className="row"
  >
    <div
      className="col-lg-6 col-md-12 offset-lg-6"
    />
  </div>
</div>
`;
